// Jest Snapshot v1, https://goo.gl/fbAQLP

exports[`<MessageList /> should match snapshot 1`] = `
<View
  style={
    Object {
      "marginVertical": 10,
    }
  }
>
  <RCTScrollView
    data={
      Array [
        Object {
          "date": 1598457958,
          "messageType": "Requests",
          "name": "Edwards Moses",
          "status": "Completed",
        },
        Object {
          "date": 1598457958,
          "messageType": "Sessions",
          "name": "Edwards Moses",
          "status": "Canceled",
        },
      ]
    }
    disableVirtualization={false}
    getItem={[Function]}
    getItemCount={[Function]}
    horizontal={false}
    initialNumToRender={10}
    keyExtractor={[Function]}
    maxToRenderPerBatch={10}
    onContentSizeChange={[Function]}
    onEndReachedThreshold={2}
    onLayout={[Function]}
    onMomentumScrollEnd={[Function]}
    onScroll={[Function]}
    onScrollBeginDrag={[Function]}
    onScrollEndDrag={[Function]}
    removeClippedSubviews={false}
    renderItem={[Function]}
    scrollEventThrottle={50}
    stickyHeaderIndices={Array []}
    updateCellsBatchingPeriod={50}
    viewabilityConfigCallbackPairs={Array []}
    windowSize={21}
  >
    <View>
      <View
        onLayout={[Function]}
        style={null}
      >
        <View
          style={
            Object {
              "alignContent": "center",
              "alignItems": "center",
              "borderRadius": 15,
              "borderWidth": 0.5,
              "flex": 1,
              "flexDirection": "row",
              "justifyContent": "space-between",
              "marginVertical": 10,
              "paddingHorizontal": 20,
              "paddingVertical": 10,
            }
          }
        >
          <View>
            <Text
              style={
                Object {
                  "color": "#000000",
                  "fontSize": 20,
                  "fontWeight": "700",
                }
              }
            >
              Edwards Moses
            </Text>
            <Text
              style={
                Object {
                  "fontSize": 16,
                  "fontWeight": "600",
                }
              }
            >
              Completed
            </Text>
          </View>
          <Image
            source={
              Object {
                "uri": "https://via.placeholder.com/150",
              }
            }
            style={
              Object {
                "borderRadius": 200,
                "height": 190.57142857142858,
                "width": 190.57142857142858,
              }
            }
          />
        </View>
      </View>
      <View
        onLayout={[Function]}
        style={null}
      >
        <View
          style={
            Object {
              "alignContent": "center",
              "alignItems": "center",
              "borderRadius": 15,
              "borderWidth": 0.5,
              "flex": 1,
              "flexDirection": "row",
              "justifyContent": "space-between",
              "marginVertical": 10,
              "paddingHorizontal": 20,
              "paddingVertical": 10,
            }
          }
        >
          <View>
            <Text
              style={
                Object {
                  "color": "#000000",
                  "fontSize": 20,
                  "fontWeight": "700",
                }
              }
            >
              Edwards Moses
            </Text>
            <View
              style={
                Object {
                  "flexDirection": "row",
                  "justifyContent": "flex-start",
                  "paddingVertical": 4,
                }
              }
            >
              <Text
                style={
                  Object {
                    "fontSize": 16,
                    "fontWeight": "600",
                    "paddingHorizontal": 3,
                  }
                }
              >
                26/08/20
              </Text>
              <Text
                style={
                  Object {
                    "fontSize": 16,
                    "fontWeight": "600",
                    "paddingHorizontal": 3,
                  }
                }
              >
                5:05 pm
              </Text>
            </View>
          </View>
          <Image
            source={
              Object {
                "uri": "https://via.placeholder.com/150",
              }
            }
            style={
              Object {
                "borderRadius": 200,
                "height": 190.57142857142858,
                "width": 190.57142857142858,
              }
            }
          />
        </View>
      </View>
    </View>
  </RCTScrollView>
</View>
`;
