// Jest Snapshot v1, https://goo.gl/fbAQLP

exports[`<ActionList /> should match snapshot 1`] = `
<View
  style={
    Object {
      "borderRadius": 15,
      "borderWidth": 0.5,
    }
  }
>
  <RCTScrollView
    data={
      Array [
        Object {
          "route": "EditAccount",
          "title": "Edit Account",
        },
        Object {
          "route": "TermsAndConditions",
          "title": "Terms and Conditions",
        },
      ]
    }
    disableVirtualization={false}
    getItem={[Function]}
    getItemCount={[Function]}
    horizontal={false}
    initialNumToRender={10}
    keyExtractor={[Function]}
    maxToRenderPerBatch={10}
    onContentSizeChange={[Function]}
    onEndReachedThreshold={2}
    onLayout={[Function]}
    onMomentumScrollEnd={[Function]}
    onScroll={[Function]}
    onScrollBeginDrag={[Function]}
    onScrollEndDrag={[Function]}
    removeClippedSubviews={false}
    renderItem={[Function]}
    scrollEventThrottle={50}
    stickyHeaderIndices={Array []}
    updateCellsBatchingPeriod={50}
    viewabilityConfigCallbackPairs={Array []}
    windowSize={21}
  >
    <View>
      <View
        onLayout={[Function]}
        style={null}
      >
        <View
          style={
            Object {
              "borderBottomWidth": 0.5,
              "borderRadius": 15,
              "padding": 20,
              "paddingVertical": 20,
            }
          }
        >
          <View
            accessible={true}
            focusable={true}
            onClick={[Function]}
            onResponderGrant={[Function]}
            onResponderMove={[Function]}
            onResponderRelease={[Function]}
            onResponderTerminate={[Function]}
            onResponderTerminationRequest={[Function]}
            onStartShouldSetResponder={[Function]}
            style={
              Object {
                "alignContent": "center",
                "flex": 1,
                "flexDirection": "row",
                "justifyContent": "space-between",
                "opacity": 1,
              }
            }
          >
            <View>
              <Text
                style={
                  Object {
                    "color": "black",
                    "fontSize": 18,
                    "fontWeight": "600",
                  }
                }
              >
                Edit Account
              </Text>
            </View>
            <Image
              height={20}
              source={
                Object {
                  "testUri": "../../../src/ActionList/img/rightArrow.png",
                }
              }
              width={20}
            />
          </View>
        </View>
      </View>
      <View
        onLayout={[Function]}
        style={null}
      >
        <View
          style={
            Object {
              "borderBottomWidth": 0.5,
              "borderRadius": 15,
              "padding": 20,
              "paddingVertical": 20,
            }
          }
        >
          <View
            accessible={true}
            focusable={true}
            onClick={[Function]}
            onResponderGrant={[Function]}
            onResponderMove={[Function]}
            onResponderRelease={[Function]}
            onResponderTerminate={[Function]}
            onResponderTerminationRequest={[Function]}
            onStartShouldSetResponder={[Function]}
            style={
              Object {
                "alignContent": "center",
                "flex": 1,
                "flexDirection": "row",
                "justifyContent": "space-between",
                "opacity": 1,
              }
            }
          >
            <View>
              <Text
                style={
                  Object {
                    "color": "black",
                    "fontSize": 18,
                    "fontWeight": "600",
                  }
                }
              >
                Terms and Conditions
              </Text>
            </View>
            <Image
              height={20}
              source={
                Object {
                  "testUri": "../../../src/ActionList/img/rightArrow.png",
                }
              }
              width={20}
            />
          </View>
        </View>
      </View>
    </View>
  </RCTScrollView>
</View>
`;
